[?7h[1;1H[4;16H[0;1;42m          G-FILES by Darryl Perry 2013          [5;16H[30;40mкФФФФФФФФФФФФФФФФФФФФФФФФФФФФФФФФФФФФФФФФФФФФФФП[6;16HГ[0;30mллл[1;37mUP[0;30mллллллл[1m-[0;30mл[37mScroll[30mл[37mUP[30mллллллллллллллллллллллл[1mГ[7;16HГ[0;30mллл[1;37mDN[0;30mллллллл[1m-[0;30mл[37mScroll[30mл[37mDOWN[30mллллллллллллллллллллл[1mГ[8;16HГ[0;30mллл[1;37mHOME[0;30mллллл[1m-[0;30mл[37mGo[30mл[37mto[30mл[37mthe[30mл[37mTOP[30mл[37mof[30mл[37mthe[30mл[37mlist[30mллллллл[1mГ[9;16HГ[0;30mллл[1;37mEND[0;30mлллллл[1m-[0;30mл[37mGo[30mл[37mto[30mл[37mthe[30mл[37mBOTTOM[30mл[37mof[30mл[37mthe[30mл[37mlist[30mлллл[1mГ[10;16HГ[0;30mллл[1;37mESCAPE[0;30mллл[1m-[0;30mл[37mLeave/Quit[30mлллллллллллллллллллллл[1mГ[11;16HГ[0;30mллл[1;37mENTER[0;30mлллл[1m-[0;30mл[37mViews[30mл[37mthe[30mл[37mhighlited[30mл[37mfile[30mлллллллл[1mГ[12;16HРФФФФФФФФФФФФФФФФФФФФФФФФФФФФФФФФФФФФФФФФФФФФФФй[0m