[?7h[1;1H[0;30m|[X10|[Y18|$X78Û|[X10|[Y19|$X78Û[2;1H|[X10|[Y04|$X78Û|[X10|[Y05|$X78Û|[X10|[Y06|$X78Û[4;10H[32m.sSýSs.[3C[1m.sS$ýSs.[3C.sS$ýSs.[3C$$$$.sSs.[3C.sSýSs.[3C.sSýSs.[5;2H[30m-------[C[0;32m$$$.`ý$[C[1;30m-[C[32m$$$$[C$$$[C[30m-[C[32m$$$$[C$$$[C[30m-[C[32m$$$$$$$$$[C[30m-[C[32m$$$[C$$$[C[30m-[C[32m$$$.`ý$[C[30m--------[6;10H[0;32m`ý$$$s.[3C[1m$$$$[7C$$$$[C$$$[3C$$$$`ýSý'[3C$$$ý"^~[3C`ý$$$s.[7;2H[30m-------[C[0;32m$s.`$$$[C[1;30m-[C[32m$$$$[C$$$[C[30m-[C[32m$$$$[C$$$[C[30m-[C[32m$$$$[C[30m------[C[32m$$$[C$$$[C[30m-[C[32m$s.`$$$[C[30m--------[8;10H[0;32m`ýSsSý'[3C[1m`ýS$sSý'[3C`ýS$sSý'[3C$$$$[8C`ýSsSý'[3C`ýSsSý'[12;1H[30m|[X10|[Y18[0m[[1mup/down[0m][C[[1mhome[0m][C[[1mend[0m][C[[1mcr[0m][C[[1mesc[0m][26C[[1m?[0m][13;1H[1;30m|[X10|[Y10|!1|[X71|[Y16|!2|[X10|[Y11|!3[14;1H|[X71|[Y02|!4|[X09|[Y22|!5|[X72|[Y22|!6[0m