[37m|CL╟╠╡ш[1;47mEdit Message                                     Press ESC for Menu    [0;37;40mшш╡╠╟[1mздддддддддддддддд[0;37;40mд[1mддддддд[0;37;40mд[1mддд[0;37;40mд[1mдд[0;37;40mд[1mд[0;37;40mддддддддддддддддддддддддддддддддддддддддддддд©Ё[1CTo  [4C[1;30m[[44C][34m  [0;37;40mInsert      [1;30m[[5C][34m [37m [30mЁ[0mЁ[1CSubject [1;30m[[44C][34m  [0;37;40mSpell Check [1;30m[[5C][34m [37m [30mЁ[0m[1;30mюдддддддддддддддддддддддддддддддддддддддддддддддддддддддддддддддддддддддддддддды[0m
















[1;30mюддддд[37mд[0;37;40mдд[1;30mддддддддддддд[37mд[0;37;40mдд[1;30mдддддддддддддд[37mд[0;37;40mдд[1;30mддддддддддддд[37mд[0;37;40mдд[1;30mддддддддддд[37mд[0;37;40mдд[1;30mддддддды[0m
